Copyright 1986-2022 Xilinx, Inc. All Rights Reserved.
------------------------------------------------------------------------------------------------------------------------------------------------------------------------------------------------------------------------------
| Tool Version : Vivado v.2022.1 (win64) Build 3526262 Mon Apr 18 15:48:16 MDT 2022
| Date         : Tue Sep  6 17:07:50 2022
| Host         : CSE-P07-2168-35 running 64-bit major release  (build 9200)
| Command      : report_bus_skew -warn_on_violation -file Four_Digit_Seven_Segment_Driver_bus_skew_routed.rpt -pb Four_Digit_Seven_Segment_Driver_bus_skew_routed.pb -rpx Four_Digit_Seven_Segment_Driver_bus_skew_routed.rpx
| Design       : Four_Digit_Seven_Segment_Driver
| Device       : 7a100t-csg324
| Speed File   : -1  PRODUCTION 1.23 2018-06-13
------------------------------------------------------------------------------------------------------------------------------------------------------------------------------------------------------------------------------

Bus Skew Report

No bus skew constraints

